[General]
FirstMinTempSavedOn=45562

[HDR]
SAMSUNG MZVLB256HBHQ-000L (244191 MB)_S4DXNF1MC20094=8289
SanDisk Cruzer Glide (29949 MB)_4C530000011105121000=69
Kingston DataTraveler 3.0 (29510 MB)_?=55
Acer SSD FA100 256GB (244191 MB)_ASAD24050102031=32588
WD Blue SN570 1TB (953867 MB)_21452E802445=13167
KINGSTON SA400S37480G (457860 MB)_50026B768672B3B3=9253
HGST HTS541010B7E610 (953867 MB)_WX61A38A0Z1R=8783
WD Green SN350 500GB 2G0C (476937 MB)_241246801225=13291
WDC WD10EZEX-00BBHA0 (953867 MB)_WD-WCC6YHY8M9V8=7

[HDW]
SAMSUNG MZVLB256HBHQ-000L (244191 MB)_S4DXNF1MC20094=3931
SanDisk Cruzer Glide (29949 MB)_4C530000011105121000=1
Acer SSD FA100 256GB (244191 MB)_ASAD24050102031=36824
WD Blue SN570 1TB (953867 MB)_21452E802445=21278
KINGSTON SA400S37480G (457860 MB)_50026B768672B3B3=16430
HGST HTS541010B7E610 (953867 MB)_WX61A38A0Z1R=22229
WD Green SN350 500GB 2G0C (476937 MB)_241246801225=7
WDC WD10EZEX-00BBHA0 (953867 MB)_WD-WCC6YHY8M9V8=1

[Sta_SAMSUNG MZVLB256HBHQ-000L (244191 MB)_S4DXNF1MC20094]
45562=46,40.86,10,98,34,12964461
MaxTempEverC=46
MaxTempEverCFound=45562.61189,27/09/2024 14:41:07
MinTempEverC=26
MinTempEverCFound=45583.98916,18/10/2024 23:44:23
MaxTempByDriveC=46
Dates=45562,45580,45581,45583,45584,45876
45580=29,29.00,1,98,0,13347269
45581=40,40.00,1,98,40,13352796
45583=33,30.90,10,98,26,13374178
45584=38,34.88,8,98,35,13374553
45876=29,29.00,4,98,29,13943349

[Sta_HGST HTS541010B7E610 (953867 MB)_WX61A38A0Z1R]
45562=32,29.75,10,100,28,-1
MaxTempEverC=34
MaxTempEverCFound=45629.70144,3/12/2024 16:50:04
MinTempEverC=28
MinTempEverCFound=45562.59544,27/09/2024 14:17:26
MaxTempByDriveC=44
Dates=45562,45566,45571,45573,45574,45629
45566=30,30.00,1,100,0,-1
45571=33,30.59,17,100,29,-1
45573=33,33.00,1,100,0,-1
45574=33,33.00,1,100,0,-1
45629=34,33.11,2,100,32,-1

[CurrentDrives]
DriveList=#0: WDC WD10EZEX-00BBHA0 / WD-WCC6YHY8M9V8 (953867 MB)	#1: WD Blue SN570 1TB / 21452E802445 (953867 MB)	#2: SAMSUNG MZVLB256HBHQ-000L / S4DXNF1MC20094 (244191 MB)

[Sta_Acer SSD FA100 256GB (244191 MB)_ASAD24050102031]
45566=41,41.00,1,100,0,126889
MaxTempEverC=42
MaxTempEverCFound=45629.69446,3/12/2024 16:40:01
MinTempEverC=25
MinTempEverCFound=45571.88258,6/10/2024 21:10:54
MaxTempByDriveC=42
Dates=45566,45571,45573,45574,45629
45571=36,28.24,17,100,25,259433
45573=33,33.00,1,100,0,280992
45574=34,34.00,1,100,0,329574
45629=42,35.44,2,100,33,2039099

[Sta_WD Blue SN570 1TB (953867 MB)_21452E802445]
45579=34,34.00,1,99,0,33712066
MaxTempEverC=38
MaxTempEverCFound=45580.94704,15/10/2024 22:43:44
MinTempEverC=33
MinTempEverCFound=45581.10676,16/10/2024 02:33:44
MaxTempByDriveC=38
Dates=45579,45580,45581,45876
45580=38,38.00,1,99,0,33769738
45581=37,37.00,1,99,37,33789480
45876=37,37.00,4,97,37,53811787

[Sta_ST1000DM010-2EP102 (953867 MB)_ZN1XGEH5]
45579=31,31.00,1,100,0,-1
MaxTempEverC=31
MaxTempEverCFound=45579.01542,14/10/2024 12:22:12 a. m.
MinTempEverC=29
MinTempEverCFound=45580.94704,15/10/2024 10:43:44 p. m.
MaxTempByDriveC=42
Dates=45579,45580,45581
45580=29,29.00,1,100,0,-1
45581=31,31.00,1,100,31,-1

[Sta_KINGSTON SA400S37480G (457860 MB)_50026B768672B3B3]
45583=26,26.00,10,99,26,1912832
MaxTempEverC=26
MaxTempEverCFound=45583.94331,18/10/2024 10:38:21 p.m.
MinTempEverC=26
MinTempEverCFound=45583.94331,18/10/2024 10:38:21 p.m.
MaxTempByDriveC=45
Dates=45583,45584
45584=26,26.00,8,99,26,1926144

[Sta_WD Green SN350 500GB 2G0C (476937 MB)_241246801225]
45629=40,38.00,2,100,36,709913
MaxTempEverC=40
MaxTempEverCFound=45629.70492,3/12/2024 16:55:05
MinTempEverC=22
MinTempEverCFound=45629.69881,3/12/2024 16:46:17
MaxTempByDriveC=40
Dates=45629

[Sta_WDC WD10EZEX-00BBHA0 (953867 MB)_WD-WCC6YHY8M9V8]
45876=28,28.00,4,100,28,-1
MaxTempEverC=28
MaxTempEverCFound=45876.07095,7/08/2025 01:42:10
MinTempEverC=28
MinTempEverCFound=45876.07095,7/08/2025 01:42:10
MaxTempByDriveC=34
Dates=45876

